2025-04-20 22:50:42 [main] INFO  org.testng.internal.Utils - [XmlSuite] [WARN] 'parallel' value 'false' is no longer valid, defaulting to 'none'.
2025-04-20 22:50:42 [main] INFO  org.testng.internal.Utils - [TestNG] Running:
  C:\Users\Ashok Battula\Desktop\FrameworkUpdated\Practise\src\main\resources\testng.xml

2025-04-21 10:32:25 [main] INFO  org.testng.internal.Utils - [XmlSuite] [WARN] 'parallel' value 'false' is no longer valid, defaulting to 'none'.
2025-04-21 10:32:25 [main] INFO  org.testng.internal.Utils - [TestNG] Running:
  C:\Users\Ashok Battula\Desktop\FrameworkUpdated\Practise\src\main\resources\testng.xml

2025-04-21 10:45:15 [main] INFO  org.testng.internal.Utils - [XmlSuite] [WARN] 'parallel' value 'false' is no longer valid, defaulting to 'none'.
2025-04-21 10:45:16 [main] INFO  org.testng.internal.Utils - [TestNG] Running:
  C:\Users\Ashok Battula\Desktop\FrameworkUpdated\Practise\src\main\resources\testng.xml

2025-04-21 11:25:43 [main] INFO  org.testng.internal.Utils - [XmlSuite] [WARN] 'parallel' value 'false' is no longer valid, defaulting to 'none'.
2025-04-21 11:25:43 [main] INFO  org.testng.internal.Utils - [TestNG] Running:
  C:\Users\Ashok Battula\Desktop\FrameworkUpdated\Practise\src\main\resources\testng.xml

2025-04-21 11:26:20 [main] INFO  org.testng.internal.Utils - [XmlSuite] [WARN] 'parallel' value 'false' is no longer valid, defaulting to 'none'.
2025-04-21 11:26:21 [main] INFO  org.testng.internal.Utils - [TestNG] Running:
  C:\Users\Ashok Battula\Desktop\FrameworkUpdated\Practise\src\main\resources\testng.xml

2025-04-21 11:28:36 [main] INFO  org.testng.internal.Utils - [XmlSuite] [WARN] 'parallel' value 'false' is no longer valid, defaulting to 'none'.
2025-04-21 11:28:36 [main] INFO  org.testng.internal.Utils - [TestNG] Running:
  C:\Users\Ashok Battula\Desktop\FrameworkUpdated\Practise\src\main\resources\testng.xml

2025-04-21 11:29:17 [main] INFO  org.testng.internal.Utils - [XmlSuite] [WARN] 'parallel' value 'false' is no longer valid, defaulting to 'none'.
2025-04-21 11:29:17 [main] INFO  org.testng.internal.Utils - [TestNG] Running:
  C:\Users\Ashok Battula\Desktop\FrameworkUpdated\Practise\src\main\resources\testng.xml

2025-04-21 11:44:01 [main] INFO  org.testng.internal.Utils - [XmlSuite] [WARN] 'parallel' value 'false' is no longer valid, defaulting to 'none'.
2025-04-21 11:44:01 [main] INFO  org.testng.internal.Utils - [TestNG] Running:
  C:\Users\Ashok Battula\Desktop\FrameworkUpdated\Practise\src\main\resources\testng.xml

2025-04-21 11:49:22 [main] INFO  org.testng.internal.Utils - [XmlSuite] [WARN] 'parallel' value 'false' is no longer valid, defaulting to 'none'.
2025-04-21 11:49:23 [main] INFO  org.testng.internal.Utils - [TestNG] Running:
  C:\Users\Ashok Battula\Desktop\FrameworkUpdated\Practise\src\main\resources\testng.xml

2025-04-21 11:50:28 [main] INFO  org.testng.internal.Utils - [XmlSuite] [WARN] 'parallel' value 'false' is no longer valid, defaulting to 'none'.
2025-04-21 11:50:28 [main] INFO  org.testng.internal.Utils - [TestNG] Running:
  C:\Users\Ashok Battula\Desktop\FrameworkUpdated\Practise\src\main\resources\testng.xml

2025-04-21 11:54:28 [main] INFO  org.testng.internal.Utils - [XmlSuite] [WARN] 'parallel' value 'false' is no longer valid, defaulting to 'none'.
2025-04-21 11:54:28 [main] INFO  org.testng.internal.Utils - [TestNG] Running:
  C:\Users\Ashok Battula\Desktop\FrameworkUpdated\Practise\src\main\resources\testng.xml

2025-04-21 11:55:12 [main] INFO  org.testng.internal.Utils - [XmlSuite] [WARN] 'parallel' value 'false' is no longer valid, defaulting to 'none'.
2025-04-21 11:55:12 [main] INFO  org.testng.internal.Utils - [TestNG] Running:
  C:\Users\Ashok Battula\Desktop\FrameworkUpdated\Practise\src\main\resources\testng.xml

2025-04-21 11:55:34 [main] INFO  org.testng.internal.Utils - [XmlSuite] [WARN] 'parallel' value 'false' is no longer valid, defaulting to 'none'.
2025-04-21 11:55:34 [main] INFO  org.testng.internal.Utils - [TestNG] Running:
  C:\Users\Ashok Battula\Desktop\FrameworkUpdated\Practise\src\main\resources\testng.xml

2025-04-21 12:02:09 [main] INFO  org.testng.internal.Utils - [XmlSuite] [WARN] 'parallel' value 'false' is no longer valid, defaulting to 'none'.
2025-04-21 12:02:09 [main] INFO  org.testng.internal.Utils - [TestNG] Running:
  C:\Users\Ashok Battula\Desktop\FrameworkUpdated\Practise\src\main\resources\testng.xml

2025-04-21 12:05:09 [main] INFO  org.testng.internal.Utils - [XmlSuite] [WARN] 'parallel' value 'false' is no longer valid, defaulting to 'none'.
2025-04-21 12:05:09 [main] INFO  org.testng.internal.Utils - [TestNG] Running:
  C:\Users\Ashok Battula\Desktop\FrameworkUpdated\Practise\src\main\resources\testng.xml

2025-04-21 12:24:52 [main] INFO  org.testng.internal.Utils - [XmlSuite] [WARN] 'parallel' value 'false' is no longer valid, defaulting to 'none'.
2025-04-21 12:24:52 [main] INFO  org.testng.internal.Utils - [TestNG] Running:
  C:\Users\Ashok Battula\Desktop\FrameworkUpdated\Practise\src\main\resources\testng.xml

2025-04-21 12:39:16 [main] INFO  org.testng.internal.Utils - [XmlSuite] [WARN] 'parallel' value 'false' is no longer valid, defaulting to 'none'.
2025-04-21 12:39:16 [main] INFO  org.testng.internal.Utils - [TestNG] Running:
  C:\Users\Ashok Battula\Desktop\FrameworkUpdated\Practise\src\main\resources\testng.xml

2025-04-21 12:39:51 [main] INFO  org.testng.internal.Utils - [XmlSuite] [WARN] 'parallel' value 'false' is no longer valid, defaulting to 'none'.
2025-04-21 12:39:52 [main] INFO  org.testng.internal.Utils - [TestNG] Running:
  C:\Users\Ashok Battula\Desktop\FrameworkUpdated\Practise\src\main\resources\testng.xml

2025-04-21 12:40:14 [main] INFO  org.testng.internal.Utils - [XmlSuite] [WARN] 'parallel' value 'false' is no longer valid, defaulting to 'none'.
2025-04-21 12:40:14 [main] INFO  org.testng.internal.Utils - [TestNG] Running:
  C:\Users\Ashok Battula\Desktop\FrameworkUpdated\Practise\src\main\resources\testng.xml

2025-04-21 12:42:14 [main] INFO  org.testng.internal.Utils - [XmlSuite] [WARN] 'parallel' value 'true' is no longer valid, defaulting to 'methods'.
2025-04-21 12:42:15 [main] INFO  org.testng.internal.Utils - [TestNG] Running:
  C:\Users\Ashok Battula\Desktop\FrameworkUpdated\Practise\src\main\resources\testng.xml

2025-04-21 12:43:20 [main] INFO  org.testng.internal.Utils - [XmlSuite] [WARN] 'parallel' value 'true' is no longer valid, defaulting to 'methods'.
2025-04-21 12:43:20 [main] INFO  org.testng.internal.Utils - [TestNG] Running:
  C:\Users\Ashok Battula\Desktop\FrameworkUpdated\Practise\src\main\resources\testng.xml

2025-04-21 12:46:06 [main] INFO  org.testng.internal.Utils - [XmlSuite] [WARN] 'parallel' value 'true' is no longer valid, defaulting to 'methods'.
2025-04-21 12:46:06 [main] INFO  org.testng.internal.Utils - [TestNG] Running:
  C:\Users\Ashok Battula\Desktop\FrameworkUpdated\Practise\src\main\resources\testng.xml

2025-04-21 12:46:06 [main] INFO  Ashok.base.BaseTest - Test execution started: 
2025-04-21 13:31:33 [main] INFO  org.testng.internal.Utils - [XmlSuite] [WARN] 'parallel' value 'true' is no longer valid, defaulting to 'methods'.
2025-04-21 13:31:34 [main] INFO  org.testng.internal.Utils - [TestNG] Running:
  C:\Users\Ashok Battula\Desktop\FrameworkUpdated\Practise\src\main\resources\testng.xml

2025-04-21 13:31:34 [main] INFO  Ashok.base.BaseTest - Test execution started: 
2025-04-21 14:37:57 [main] INFO  org.testng.internal.Utils - [XmlSuite] [WARN] 'parallel' value 'true' is no longer valid, defaulting to 'methods'.
2025-04-21 14:37:57 [main] INFO  org.testng.internal.Utils - [TestNG] Running:
  C:\Users\Ashok Battula\Desktop\FrameworkUpdated\Practise\src\main\resources\testng.xml

2025-04-21 14:37:57 [main] INFO  Ashok.base.BaseTest - Test execution started: 
2025-04-21 14:50:45 [main] INFO  Ashok.base.BaseTest - Test execution started: 
2025-04-21 14:53:13 [main] INFO  Ashok.base.BaseTest - Test execution started: 
2025-04-21 15:00:24 [main] INFO  Ashok.base.BaseTest - Test execution started: 
2025-04-21 15:19:14 [main] INFO  Ashok.base.BaseTest - Test execution started: 
2025-04-21 16:48:44 [main] INFO  Ashok.base.BaseTest - Test execution started: 
2025-04-21 16:50:57 [main] INFO  Ashok.base.BaseTest - Test execution started: 
2025-04-21 17:17:02 [main] INFO  Ashok.base.BaseTest - Test execution started: 
2025-04-21 17:18:25 [main] INFO  Ashok.base.BaseTest - Test execution started: 
2025-04-21 17:43:36 [main] INFO  Ashok.base.BaseTest - Test execution started: 
2025-04-21 17:49:41 [main] INFO  Ashok.base.BaseTest - Test execution started: 
2025-04-21 18:05:20 [main] INFO  Ashok.base.BaseTest - Test execution started: 
2025-04-21 18:08:37 [main] INFO  Ashok.base.BaseTest - Test execution started: 
2025-04-21 19:02:04 [main] INFO  Ashok.base.BaseTest - Test execution started: 
2025-04-21 19:05:37 [main] INFO  Ashok.base.BaseTest - Test execution started: 
2025-04-22 17:44:12 [main] INFO  Ashok.base.BaseTest - Test execution started: 
2025-04-22 17:49:50 [main] INFO  Ashok.base.BaseTest - Test execution started: 
2025-04-22 17:53:48 [main] INFO  Ashok.base.BaseTest - Test execution started: 
2025-04-22 17:58:28 [main] INFO  Ashok.base.BaseTest - Test execution started: 
2025-04-22 18:01:29 [main] INFO  Ashok.base.BaseTest - Test execution started: 
2025-04-22 19:55:56 [main] INFO  Ashok.base.BaseTest - Test execution started: 
2025-04-22 20:07:43 [main] INFO  Ashok.base.BaseTest - Test execution started: 
2025-04-22 20:11:35 [main] INFO  Ashok.base.BaseTest - Test execution started: 
2025-04-23 13:52:37 [main] INFO  Ashok.base.BaseTest - Test execution started: 
2025-04-23 13:53:37 [main] INFO  Ashok.base.BaseTest - Test execution started: 
2025-04-23 13:56:18 [main] INFO  Ashok.base.BaseTest - Test execution started: 
2025-04-23 13:58:01 [main] INFO  Ashok.base.BaseTest - Test execution started: 
2025-04-23 14:00:09 [main] INFO  Ashok.base.BaseTest - Test execution started: 
2025-04-23 14:03:20 [main] INFO  Ashok.base.BaseTest - Test execution started: 
2025-04-23 14:03:37 [main] INFO  Ashok.base.BaseTest - Test execution started: 
2025-04-23 14:04:57 [main] INFO  Ashok.base.BaseTest - Test execution started: 
2025-04-23 14:08:43 [main] INFO  Ashok.base.BaseTest - Test execution started: 
2025-04-23 14:09:05 [main] INFO  Ashok.base.BaseTest - Test execution started: 
2025-04-23 14:10:54 [main] INFO  Ashok.base.BaseTest - Test execution started: 
2025-04-23 14:12:03 [main] INFO  Ashok.base.BaseTest - Test execution started: 
2025-04-23 14:12:17 [main] INFO  Ashok.base.BaseTest - Test execution started: 
2025-04-23 14:54:07 [main] INFO  Ashok.base.BaseTest - Test execution started: 
2025-04-23 14:54:33 [main] INFO  Ashok.base.BaseTest - Test execution started: 
2025-04-23 15:09:26 [main] INFO  Ashok.base.BaseTest - Test execution started: 
2025-04-23 15:09:53 [main] INFO  Ashok.base.BaseTest - Test execution started: 
2025-04-23 15:15:22 [main] INFO  Ashok.base.BaseTest - Test execution started: 
2025-04-23 15:15:51 [main] INFO  Ashok.base.BaseTest - Test execution started: 
2025-04-23 15:16:04 [main] INFO  Ashok.base.BaseTest - Test execution started: 
2025-04-23 15:26:40 [main] INFO  Ashok.base.BaseTest - Test execution started: 
2025-04-23 15:26:43 [TestNG-test=SampleTests-2] ERROR helperMethods.SchemaValidator - Schema validation failed: [#/id: expected type: String, found: Integer]
2025-04-23 15:26:44 [main] INFO  Ashok.base.BaseTest - Test teardown completed.
2025-04-23 15:30:10 [main] INFO  Ashok.base.BaseTest - Test execution started: 
2025-04-23 15:30:14 [main] INFO  Ashok.base.BaseTest - Test teardown completed.
2025-04-23 15:38:28 [main] INFO  Ashok.base.BaseTest - Test execution started: 
2025-04-23 15:38:35 [main] INFO  Ashok.base.BaseTest - Test teardown completed.
2025-04-23 15:43:38 [main] INFO  Ashok.base.BaseTest - Test execution started: 
2025-04-23 15:43:42 [TestNG-test=SampleTests-1] INFO  helperMethods.SchemaValidator - Validation successful for response: {"token":"QpwL5tke4Pnpja7X4"}
2025-04-23 15:43:42 [TestNG-test=SampleTests-2] ERROR helperMethods.SchemaValidator - Validation failed for response. Error: #/id: expected type: String, found: Integer
2025-04-23 15:43:42 [main] INFO  Ashok.base.BaseTest - Test teardown completed.
2025-04-23 15:51:36 [main] INFO  Ashok.base.BaseTest - Test execution started: 
2025-04-23 15:51:40 [main] INFO  Ashok.base.BaseTest - Test teardown completed.
2025-04-23 16:19:12 [main] INFO  Ashok.base.BaseTest - Test execution started: 
2025-04-23 16:19:17 [main] INFO  Ashok.base.BaseTest - Test teardown completed.
2025-04-23 17:28:29 [main] INFO  Ashok.base.BaseTest - Test execution started: 
2025-04-23 17:49:58 [main] INFO  Ashok.base.BaseTest - Running tests in the dev environment.
2025-04-23 17:49:58 [main] INFO  Ashok.base.BaseTest - Test execution started: 
2025-04-23 18:34:55 [main] INFO  Ashok.base.BaseTest - Running tests in the dev environment.
2025-04-23 18:34:55 [main] INFO  Ashok.base.BaseTest - Test execution started: 
2025-04-23 18:37:07 [main] INFO  Ashok.base.BaseTest - Running tests in the dev environment.
2025-04-23 18:37:08 [main] INFO  Ashok.base.BaseTest - Test execution started: 
2025-04-23 18:41:17 [main] INFO  Ashok.base.BaseTest - Running tests in the dev environment.
2025-04-23 18:41:17 [main] INFO  Ashok.base.BaseTest - Test execution started: 
2025-04-24 10:03:34 [main] INFO  Ashok.base.BaseTest - Running tests in the dev environment.
2025-04-24 10:03:34 [main] INFO  Ashok.base.BaseTest - Test execution started: 
2025-04-24 10:06:29 [main] INFO  Ashok.base.BaseTest - Running tests in the dev environment.
2025-04-24 10:06:30 [main] INFO  Ashok.base.BaseTest - Test execution started: 
2025-04-24 10:07:08 [main] INFO  Ashok.base.BaseTest - Running tests in the dev environment.
2025-04-24 10:07:09 [main] INFO  Ashok.base.BaseTest - Test execution started: 
2025-04-24 10:07:25 [main] INFO  Ashok.base.BaseTest - Running tests in the dev environment.
2025-04-24 10:07:25 [main] INFO  Ashok.base.BaseTest - Test execution started: 
2025-04-24 10:38:54 [main] INFO  Ashok.base.BaseTest - Running tests in the dev environment.
2025-04-24 10:38:54 [main] INFO  Ashok.base.BaseTest - Test execution started: 
2025-04-24 10:39:14 [main] INFO  Ashok.base.BaseTest - Running tests in the dev environment.
2025-04-24 10:39:15 [main] INFO  Ashok.base.BaseTest - Test execution started: 
2025-04-24 10:43:00 [main] INFO  Ashok.base.BaseTest - Running tests in the dev environment.
2025-04-24 10:43:01 [main] INFO  Ashok.base.BaseTest - Test execution started: 
2025-04-24 10:44:20 [main] INFO  Ashok.base.BaseTest - Running tests in the dev environment.
2025-04-24 10:44:21 [main] INFO  Ashok.base.BaseTest - Test execution started: 
2025-04-24 10:44:49 [main] INFO  Ashok.base.BaseTest - Running tests in the dev environment.
2025-04-24 10:44:49 [main] INFO  Ashok.base.BaseTest - Test execution started: 
2025-04-24 10:45:55 [main] INFO  Ashok.base.BaseTest - Running tests in the dev environment.
2025-04-24 10:45:56 [main] INFO  Ashok.base.BaseTest - Test execution started: 
2025-04-24 10:47:09 [main] INFO  Ashok.base.BaseTest - Running tests in the dev environment.
2025-04-24 10:47:09 [main] INFO  Ashok.base.BaseTest - Test execution started: 
2025-04-24 10:48:09 [main] INFO  Ashok.base.BaseTest - Running tests in the dev environment.
2025-04-24 10:48:10 [main] INFO  Ashok.base.BaseTest - Test execution started: 
2025-04-24 10:49:14 [main] INFO  Ashok.base.BaseTest - Running tests in the dev environment.
2025-04-24 10:49:14 [main] INFO  Ashok.base.BaseTest - Test execution started: 
2025-04-24 10:51:01 [main] INFO  Ashok.base.BaseTest - Running tests in the dev environment.
2025-04-24 10:51:01 [main] INFO  Ashok.base.BaseTest - Test execution started: 
2025-04-24 10:51:20 [main] INFO  Ashok.base.BaseTest - Running tests in the dev environment.
2025-04-24 10:51:20 [main] INFO  Ashok.base.BaseTest - Test execution started: 
2025-04-24 10:58:41 [main] INFO  Ashok.base.BaseTest - Running tests in the qa environment.
2025-04-24 10:58:42 [main] INFO  Ashok.base.BaseTest - Test execution started: 
2025-04-24 10:59:28 [main] INFO  Ashok.base.BaseTest - Running tests in the qa environment.
2025-04-24 10:59:28 [main] INFO  Ashok.base.BaseTest - Test execution started: 
2025-04-24 11:01:30 [main] INFO  Ashok.base.BaseTest - Running tests in the dkfyg environment.
2025-04-24 11:01:31 [main] INFO  Ashok.base.BaseTest - Test execution started: 
2025-04-24 11:03:43 [main] INFO  Ashok.base.BaseTest - Running tests in the staging environment.
2025-04-24 11:03:44 [main] INFO  Ashok.base.BaseTest - Test execution started: 
2025-04-24 11:43:14 [main] INFO  Ashok.base.BaseTest - Running tests in the qa environment.
2025-04-24 11:43:14 [main] INFO  Ashok.base.BaseTest - Test execution started: 
2025-04-24 13:08:55 [main] INFO  Ashok.base.BaseTest - Running tests in the qa environment.
2025-04-24 13:08:55 [main] INFO  Ashok.base.BaseTest - Test execution started: 
2025-04-24 13:15:31 [main] INFO  Ashok.base.BaseTest - Running tests in the Dev environment.
2025-04-24 13:15:31 [main] INFO  Ashok.base.BaseTest - Test execution started: 
2025-04-24 15:17:42 [main] INFO  Ashok.base.BaseTest - Running tests in the Dev environment.
2025-04-24 15:17:43 [main] INFO  Ashok.base.BaseTest - Test execution started: 
2025-04-24 15:19:54 [main] INFO  Ashok.base.BaseTest - Running tests in the Dev environment.
2025-04-24 15:19:54 [main] INFO  Ashok.base.BaseTest - Test execution started: 
2025-04-24 15:23:09 [main] INFO  Ashok.base.BaseTest - Running tests in the qa environment.
2025-04-24 15:23:10 [main] INFO  Ashok.base.BaseTest - Test execution started: 
2025-04-24 15:26:48 [main] INFO  Ashok.base.BaseTest - Running tests in the qa environment.
2025-04-24 15:26:48 [main] INFO  Ashok.base.BaseTest - Test execution started: 
2025-04-24 15:29:03 [main] INFO  Ashok.base.BaseTest - Running tests in the qa environment.
2025-04-24 15:29:03 [main] INFO  Ashok.base.BaseTest - Test execution started: 
2025-04-24 15:31:21 [main] INFO  Ashok.base.BaseTest - Running tests in the qa environment.
2025-04-24 15:31:22 [main] INFO  Ashok.base.BaseTest - Test execution started: 
2025-04-24 16:28:17 [main] INFO  Ashok.base.BaseTest - Running tests in the qa environment.
2025-04-24 16:28:17 [main] INFO  Ashok.base.BaseTest - Test execution started: 
2025-04-24 16:29:02 [main] INFO  Ashok.base.BaseTest - Running tests in the qa environment.
2025-04-24 16:29:03 [main] INFO  Ashok.base.BaseTest - Test execution started: 
2025-04-24 16:46:19 [main] INFO  Ashok.base.BaseTest - Running tests in the qa environment.
2025-04-24 16:46:20 [main] INFO  Ashok.base.BaseTest - Test execution started: 
2025-04-24 16:46:33 [main] INFO  Ashok.base.BaseTest - Running tests in the qa environment.
2025-04-24 16:46:33 [main] INFO  Ashok.base.BaseTest - Test execution started: 
2025-04-24 16:51:50 [main] INFO  Ashok.base.BaseTest - Running tests in the qa environment.
2025-04-24 16:51:51 [main] INFO  Ashok.base.BaseTest - Test execution started: 
2025-04-24 16:53:31 [main] INFO  Ashok.base.BaseTest - Running tests in the qa environment.
2025-04-24 16:53:32 [main] INFO  Ashok.base.BaseTest - Test execution started: 
2025-04-24 16:53:54 [main] INFO  Ashok.base.BaseTest - Running tests in the qa environment.
2025-04-24 16:53:54 [main] INFO  Ashok.base.BaseTest - Test execution started: 
2025-04-24 16:55:51 [main] INFO  Ashok.base.BaseTest - Running tests in the qa environment.
2025-04-24 16:55:51 [main] INFO  Ashok.base.BaseTest - Test execution started: 
2025-04-24 17:31:22 [main] INFO  Ashok.base.BaseTest - Running tests in the qa environment.
2025-04-24 17:31:23 [main] INFO  Ashok.base.BaseTest - Test execution started: 
2025-04-24 17:40:59 [main] INFO  Ashok.base.BaseTest - Running tests in the qa environment.
2025-04-24 17:40:59 [main] INFO  Ashok.base.BaseTest - Test execution started: 
2025-04-24 17:45:58 [main] INFO  Ashok.base.BaseTest - Running tests in the qa environment.
2025-04-24 17:45:59 [main] INFO  Ashok.base.BaseTest - Test execution started: 
2025-04-24 17:54:51 [main] INFO  Ashok.base.BaseTest - Running tests in the qa environment.
2025-04-24 17:54:51 [main] INFO  Ashok.base.BaseTest - Test execution started: 
2025-04-25 10:17:33 [main] INFO  Ashok.base.BaseTest - Running tests in the qa environment.
2025-04-25 10:17:33 [main] INFO  Ashok.base.BaseTest - Test execution started: 
2025-04-25 10:17:59 [main] INFO  Ashok.base.BaseTest - Running tests in the qa environment.
2025-04-25 10:17:59 [main] INFO  Ashok.base.BaseTest - Test execution started: 
2025-04-25 10:25:04 [main] INFO  Ashok.base.BaseTest - Running tests in the qa environment.
2025-04-25 10:25:05 [main] INFO  Ashok.base.BaseTest - Test execution started: 
2025-04-25 10:25:24 [main] INFO  Ashok.base.BaseTest - Running tests in the qa environment.
2025-04-25 10:25:25 [main] INFO  Ashok.base.BaseTest - Test execution started: 
2025-04-25 10:34:04 [main] INFO  Ashok.base.BaseTest - Running tests in the qa environment.
2025-04-25 10:34:05 [main] INFO  Ashok.base.BaseTest - Test execution started: 
2025-04-25 10:35:10 [main] INFO  Ashok.base.BaseTest - Running tests in the qa environment.
2025-04-25 10:35:10 [main] INFO  Ashok.base.BaseTest - Test execution started: 
2025-04-25 10:35:31 [main] INFO  Ashok.base.BaseTest - Running tests in the qa environment.
2025-04-25 10:35:32 [main] INFO  Ashok.base.BaseTest - Test execution started: 
2025-04-25 10:38:37 [main] INFO  Ashok.base.BaseTest - Running tests in the qa environment.
2025-04-25 10:38:37 [main] INFO  Ashok.base.BaseTest - Test execution started: 
2025-04-25 10:40:49 [main] INFO  Ashok.base.BaseTest - Running tests in the qa environment.
2025-04-25 10:40:50 [main] INFO  Ashok.base.BaseTest - Test execution started: 
2025-04-25 10:43:12 [main] INFO  Ashok.base.BaseTest - Running tests in the qa environment.
2025-04-25 10:43:12 [main] INFO  Ashok.base.BaseTest - Test execution started: 
2025-04-25 10:43:34 [main] INFO  Ashok.base.BaseTest - Running tests in the qa environment.
2025-04-25 10:43:34 [main] INFO  Ashok.base.BaseTest - Test execution started: 
2025-04-25 10:46:53 [main] INFO  Ashok.base.BaseTest - Running tests in the qa environment.
2025-04-25 10:46:53 [main] INFO  Ashok.base.BaseTest - Test execution started: 
2025-04-25 12:21:30 [main] INFO  Ashok.base.BaseTest - Running tests in the qa environment.
2025-04-25 12:21:31 [main] INFO  Ashok.base.BaseTest - Test execution started: 
2025-04-25 12:32:16 [main] INFO  Ashok.base.BaseTest - Running tests in the qa environment.
2025-04-25 12:32:16 [main] INFO  Ashok.base.BaseTest - Test execution started: 
2025-04-25 12:48:27 [main] INFO  Ashok.base.BaseTest - Running tests in the qa environment.
2025-04-25 12:48:27 [main] INFO  Ashok.base.BaseTest - Test execution started: 
2025-04-25 12:48:56 [main] INFO  Ashok.base.BaseTest - Running tests in the qa environment.
2025-04-25 12:48:56 [main] INFO  Ashok.base.BaseTest - Test execution started: 
2025-04-25 12:53:27 [main] INFO  Ashok.base.BaseTest - Running tests in the qa environment.
2025-04-25 12:53:28 [main] INFO  Ashok.base.BaseTest - Test execution started: 
2025-04-25 14:07:47 [main] INFO  Ashok.base.BaseTest - Running tests in the qa environment.
2025-04-25 14:07:48 [main] INFO  Ashok.base.BaseTest - Test execution started: 
2025-04-25 14:41:57 [main] INFO  Ashok.base.BaseTest - Running tests in the qa environment.
2025-04-25 14:41:57 [main] INFO  Ashok.base.BaseTest - Test execution started: 
2025-04-25 14:46:01 [main] INFO  Ashok.base.BaseTest - Running tests in the qa environment.
2025-04-25 14:46:02 [main] INFO  Ashok.base.BaseTest - Test execution started: 
2025-04-25 14:57:41 [main] INFO  Ashok.base.BaseTest - Running tests in the qa environment.
2025-04-25 14:57:42 [main] INFO  Ashok.base.BaseTest - Test execution started: 
2025-04-25 15:00:01 [main] INFO  Ashok.base.BaseTest - Running tests in the qa environment.
2025-04-25 15:00:02 [main] INFO  Ashok.base.BaseTest - Test execution started: 
2025-04-25 15:02:10 [main] INFO  Ashok.base.BaseTest - Running tests in the qa environment.
2025-04-25 15:02:11 [main] INFO  Ashok.base.BaseTest - Test execution started: 
2025-04-25 15:13:41 [main] INFO  Ashok.base.BaseTest - Running tests in the qa environment.
2025-04-25 15:13:42 [main] INFO  Ashok.base.BaseTest - Test execution started: 
2025-04-25 15:28:52 [main] INFO  Ashok.base.BaseTest - Running tests in the qa environment.
2025-04-25 15:28:53 [main] INFO  Ashok.base.BaseTest - Test execution started: 
2025-04-25 16:28:54 [main] INFO  Ashok.base.BaseTest - Running tests in the qa environment.
2025-04-25 16:28:55 [main] INFO  Ashok.base.BaseTest - Test execution started: 
2025-04-25 16:29:59 [main] INFO  Ashok.base.BaseTest - Running tests in the qa environment.
2025-04-25 16:30:00 [main] INFO  Ashok.base.BaseTest - Test execution started: 
2025-04-25 16:35:05 [main] INFO  Ashok.base.BaseTest - Running tests in the qa environment.
2025-04-25 16:35:06 [main] INFO  Ashok.base.BaseTest - Test execution started: 
2025-04-25 16:57:00 [main] INFO  Ashok.base.BaseTest - Running tests in the qa environment.
2025-04-25 16:57:00 [main] INFO  Ashok.base.BaseTest - Test execution started: 
2025-04-25 16:58:35 [main] INFO  Ashok.base.BaseTest - Running tests in the qa environment.
2025-04-25 16:58:35 [main] INFO  Ashok.base.BaseTest - Test execution started: 
2025-04-25 17:16:47 [main] INFO  Ashok.base.BaseTest - Running tests in the qa environment.
2025-04-25 17:16:48 [main] INFO  Ashok.base.BaseTest - Test execution started: 
2025-04-25 17:18:31 [main] INFO  Ashok.base.BaseTest - Running tests in the qa environment.
2025-04-25 17:18:31 [main] INFO  Ashok.base.BaseTest - Test execution started: 
2025-04-25 17:30:46 [main] INFO  Ashok.base.BaseTest - Running tests in the qa environment.
2025-04-25 17:30:46 [main] INFO  Ashok.base.BaseTest - Test execution started: 
2025-04-25 17:32:02 [main] INFO  Ashok.base.BaseTest - Running tests in the qa environment.
2025-04-25 17:32:02 [main] INFO  Ashok.base.BaseTest - Test execution started: 
2025-04-26 10:33:05 [main] INFO  Ashok.base.BaseTest - Running tests in the qa environment.
2025-04-26 10:33:05 [main] INFO  Ashok.base.BaseTest - Test execution started: 
2025-04-26 10:41:04 [main] INFO  Ashok.base.BaseTest - Running tests in the qa environment.
2025-04-26 10:41:05 [main] INFO  Ashok.base.BaseTest - Test execution started: 
2025-04-26 10:43:58 [main] INFO  Ashok.base.BaseTest - Running tests in the qa environment.
2025-04-26 10:43:58 [main] INFO  Ashok.base.BaseTest - Test execution started: 
2025-04-26 10:52:27 [main] INFO  Ashok.base.BaseTest - Running tests in the qa environment.
2025-04-26 10:52:27 [main] INFO  Ashok.base.BaseTest - Test execution started: 
2025-04-26 10:55:41 [main] INFO  Ashok.base.BaseTest - Running tests in the qa environment.
2025-04-26 10:55:42 [main] INFO  Ashok.base.BaseTest - Test execution started: 
2025-04-26 10:57:53 [main] INFO  Ashok.base.BaseTest - Running tests in the qa environment.
2025-04-26 10:57:53 [main] INFO  Ashok.base.BaseTest - Test execution started: 
2025-04-26 11:48:28 [main] INFO  Ashok.base.BaseTest - Running tests in the qa environment.
2025-04-26 11:48:29 [main] INFO  Ashok.base.BaseTest - Test execution started: 
2025-04-26 12:39:31 [main] INFO  Ashok.base.BaseTest - Running tests in the qa environment.
2025-04-26 12:39:31 [main] INFO  Ashok.base.BaseTest - Test execution started: 
2025-04-26 12:45:27 [main] INFO  Ashok.base.BaseTest - Running tests in the qa environment.
2025-04-26 12:45:28 [main] INFO  Ashok.base.BaseTest - Test execution started: 
2025-04-26 12:46:30 [main] INFO  Ashok.base.BaseTest - Running tests in the qa environment.
2025-04-26 12:46:30 [main] INFO  Ashok.base.BaseTest - Test execution started: 
2025-04-26 12:50:38 [main] INFO  Ashok.base.BaseTest - Running tests in the qa environment.
2025-04-26 12:50:38 [main] INFO  Ashok.base.BaseTest - Test execution started: 
2025-04-26 12:53:05 [main] INFO  Ashok.base.BaseTest - Running tests in the qa environment.
2025-04-26 12:53:05 [main] INFO  Ashok.base.BaseTest - Test execution started: 
2025-04-26 14:21:35 [main] INFO  Ashok.base.BaseTest - Running tests in the qa environment.
2025-04-26 14:21:36 [main] INFO  Ashok.base.BaseTest - Test execution started: 
2025-04-26 14:29:00 [main] INFO  Ashok.base.BaseTest - Running tests in the qa environment.
2025-04-26 14:29:01 [main] INFO  Ashok.base.BaseTest - Test execution started: 
2025-04-26 15:52:50 [main] INFO  Ashok.base.BaseTest - Running tests in the qa environment.
2025-04-26 15:52:50 [main] INFO  Ashok.base.BaseTest - Test execution started: 
2025-04-26 16:06:38 [main] INFO  Ashok.base.BaseTest - Running tests in the qa environment.
2025-04-26 16:06:38 [main] INFO  Ashok.base.BaseTest - Test execution started: 
2025-04-26 16:14:09 [main] INFO  Ashok.base.BaseTest - Running tests in the qa environment.
2025-04-26 16:14:10 [main] INFO  Ashok.base.BaseTest - Test execution started: 
2025-04-26 16:15:14 [main] INFO  Ashok.base.BaseTest - Running tests in the qa environment.
2025-04-26 16:15:15 [main] INFO  Ashok.base.BaseTest - Test execution started: 
2025-04-27 17:30:49 [main] INFO  Ashok.base.BaseTest - Running tests in the qa environment.
2025-04-27 17:30:50 [main] INFO  Ashok.base.BaseTest - Test execution started: 
2025-04-27 17:34:27 [main] INFO  Ashok.base.BaseTest - Running tests in the qa environment.
2025-04-27 17:34:27 [main] INFO  Ashok.base.BaseTest - Test execution started: 
2025-04-27 17:37:54 [main] INFO  Ashok.base.BaseTest - Running tests in the qa environment.
2025-04-27 17:37:54 [main] INFO  Ashok.base.BaseTest - Test execution started: 
2025-04-28 11:48:49 [main] INFO  Ashok.base.BaseTest - Running tests in the qa environment.
2025-04-28 11:48:49 [main] INFO  Ashok.base.BaseTest - Test execution started: 
2025-04-29 15:59:30 [main] INFO  Ashok.base.BaseTest - Running tests in the qa environment.
2025-04-29 15:59:30 [main] INFO  Ashok.base.BaseTest - Test execution started: 
2025-04-29 16:01:45 [main] INFO  Ashok.base.BaseTest - Running tests in the qa environment.
2025-04-29 16:01:45 [main] INFO  Ashok.base.BaseTest - Test execution started: 
2025-04-29 16:06:23 [main] INFO  Ashok.base.BaseTest - Running tests in the qa environment.
2025-04-29 16:06:23 [main] INFO  Ashok.base.BaseTest - Test execution started: 
2025-04-29 16:07:11 [main] INFO  Ashok.base.BaseTest - Running tests in the qa environment.
2025-04-29 16:07:12 [main] INFO  Ashok.base.BaseTest - Test execution started: 
2025-04-29 16:12:41 [main] INFO  Ashok.base.BaseTest - Running tests in the qa environment.
2025-04-29 16:12:42 [main] INFO  Ashok.base.BaseTest - Test execution started: 
2025-04-30 16:58:03 [main] INFO  Ashok.base.BaseTest - Running tests in the qa environment.
2025-04-30 16:58:03 [main] INFO  Ashok.base.BaseTest - Test execution started: 
2025-04-30 16:59:23 [main] INFO  Ashok.base.BaseTest - Running tests in the qa environment.
2025-04-30 16:59:23 [main] INFO  Ashok.base.BaseTest - Test execution started: 
2025-04-30 17:00:18 [main] INFO  Ashok.base.BaseTest - Running tests in the qa environment.
2025-04-30 17:00:18 [main] INFO  Ashok.base.BaseTest - Test execution started: 
2025-04-30 17:01:29 [main] INFO  Ashok.base.BaseTest - Running tests in the qa environment.
2025-04-30 17:01:30 [main] INFO  Ashok.base.BaseTest - Test execution started: 
2025-04-30 17:18:52 [main] INFO  Ashok.base.BaseTest - Running tests in the qa environment.
2025-04-30 17:18:52 [main] INFO  Ashok.base.BaseTest - Test execution started: 
2025-04-30 17:20:19 [main] INFO  Ashok.base.BaseTest - Running tests in the qa environment.
2025-04-30 17:20:20 [main] INFO  Ashok.base.BaseTest - Test execution started: 
2025-04-30 17:21:19 [main] INFO  Ashok.base.BaseTest - Running tests in the qa environment.
2025-04-30 17:21:19 [main] INFO  Ashok.base.BaseTest - Test execution started: 
2025-04-30 17:25:25 [main] INFO  Ashok.base.BaseTest - Running tests in the qa environment.
2025-04-30 17:25:26 [main] INFO  Ashok.base.BaseTest - Test execution started: 
2025-05-01 10:20:55 [main] INFO  Ashok.base.BaseTest - Running tests in the qa environment.
2025-05-01 10:20:55 [main] INFO  Ashok.base.BaseTest - Test execution started: 
2025-05-01 10:21:27 [main] INFO  Ashok.base.BaseTest - Running tests in the qa environment.
2025-05-01 10:21:28 [main] INFO  Ashok.base.BaseTest - Test execution started: 
2025-05-01 10:24:06 [main] INFO  Ashok.base.BaseTest - Running tests in the qa environment.
2025-05-01 10:24:06 [main] INFO  Ashok.base.BaseTest - Test execution started: 
2025-05-01 10:25:44 [main] INFO  Ashok.base.BaseTest - Running tests in the qa environment.
2025-05-01 10:25:45 [main] INFO  Ashok.base.BaseTest - Test execution started: 
2025-05-01 11:50:24 [main] INFO  Ashok.base.BaseTest - Running tests in the null environment.
2025-05-01 11:52:58 [main] INFO  Ashok.base.BaseTest - Running tests in the qa environment.
2025-05-01 11:52:58 [main] INFO  Ashok.base.BaseTest - Test execution started: 
2025-05-01 11:53:01 [main] INFO  Ashok.base.BaseTest - Test execution finished: 
2025-05-01 11:55:12 [main] INFO  Ashok.base.BaseTest - Running tests in the qa environment.
2025-05-01 11:55:12 [main] INFO  Ashok.base.BaseTest - Test execution started: 
2025-05-01 11:55:14 [main] INFO  Ashok.base.BaseTest - Test execution finished: 
2025-05-01 14:13:46 [main] INFO  Ashok.base.BaseTest - Running tests in the qa environment.
2025-05-01 14:13:46 [main] INFO  Ashok.base.BaseTest - Test execution started: 
2025-05-01 14:13:48 [main] INFO  Ashok.base.BaseTest - Test execution finished: 
